


ARM Macro Assembler    Page 1 


    1 00000000                 AREA             RESET, DATA, READONLY
    2 00000000                 EXPORT           __Vectors
    3 00000000         
    4 00000000         __Vectors
    5 00000000 10010000        DCD              0x10010000
    6 00000004 00000000        DCD              Reset_Handler
    7 00000008         
    8 00000008                 ALIGN
    9 00000008                 AREA             CODE_SEG, CODE, READONLY
   10 00000000                 ENTRY
   11 00000000                 EXPORT           Reset_Handler
   12 00000000         
   13 00000000         Reset_Handler
   14 00000000 480C            LDR              R0,=NUM
   15 00000002 4C0D            LDR              R4,=RESULT
   16 00000004 7801            LDRB             R1,[R0]
   17 00000006 F001 020F       AND              R2,R1,#0x0F
   18 0000000A 2A09            CMP              R2,#09
   19 0000000C D301            BLO              DOWN
   20 0000000E F102 0207       ADD              R2,#07
   21 00000012         DOWN
   22 00000012 F102 0230       ADD              R2,#0x30
   23 00000016 7022            STRB             R2,[R4]
   24 00000018 F001 03F0       AND              R3,R1,#0xF0
   25 0000001C EA4F 1313       MOV              R3,R3,LSR#04
   26 00000020 2B09            CMP              R3,#09
   27 00000022 D301            BLO              DOWN1
   28 00000024 F103 0307       ADD              R3,#07
   29 00000028         DOWN1
   30 00000028 F103 0330       ADD              R3,#0x30
   31 0000002C 7063            STRB             R3,[R4,#1]
   32 0000002E         STOP
   33 0000002E E7FE            B                STOP
   34 00000030 0000003A 
                       NUM     DCD              0x000003A
   35 00000034 00000000 
              00000000         AREA             data, DATA, READWRITE
   36 00000000 00000000 
                       RESULT  DCD              0
   37 00000004                 END
Command Line: --debug --xref --cpu=Cortex-M3 --apcs=interwork --depend=hexascii
.d -ohexascii.o -I"D:\Keil Software\ARM\RV31\INC" -I"D:\Keil Software\ARM\CMSIS
\Include" -I"D:\Keil Software\ARM\Inc\NXP\LPC17xx" --predefine="__EVAL SETA 1" 
--list=hexascii.lst hexascii.s



ARM Macro Assembler    Page 1 Alphabetic symbol ordering
Relocatable symbols

RESET 00000000

Symbol: RESET
   Definitions
      At line 1 in file hexascii.s
   Uses
      None
Comment: RESET unused
__Vectors 00000000

Symbol: __Vectors
   Definitions
      At line 4 in file hexascii.s
   Uses
      At line 2 in file hexascii.s
Comment: __Vectors used once
2 symbols



ARM Macro Assembler    Page 1 Alphabetic symbol ordering
Relocatable symbols

CODE_SEG 00000000

Symbol: CODE_SEG
   Definitions
      At line 9 in file hexascii.s
   Uses
      None
Comment: CODE_SEG unused
DOWN 00000012

Symbol: DOWN
   Definitions
      At line 21 in file hexascii.s
   Uses
      At line 19 in file hexascii.s
Comment: DOWN used once
DOWN1 00000028

Symbol: DOWN1
   Definitions
      At line 29 in file hexascii.s
   Uses
      At line 27 in file hexascii.s
Comment: DOWN1 used once
NUM 00000030

Symbol: NUM
   Definitions
      At line 34 in file hexascii.s
   Uses
      At line 14 in file hexascii.s
Comment: NUM used once
Reset_Handler 00000000

Symbol: Reset_Handler
   Definitions
      At line 13 in file hexascii.s
   Uses
      At line 6 in file hexascii.s
      At line 11 in file hexascii.s

STOP 0000002E

Symbol: STOP
   Definitions
      At line 32 in file hexascii.s
   Uses
      At line 33 in file hexascii.s
Comment: STOP used once
6 symbols



ARM Macro Assembler    Page 1 Alphabetic symbol ordering
Relocatable symbols

RESULT 00000000

Symbol: RESULT
   Definitions
      At line 36 in file hexascii.s
   Uses
      At line 15 in file hexascii.s
Comment: RESULT used once
data 00000000

Symbol: data
   Definitions
      At line 35 in file hexascii.s
   Uses
      None
Comment: data unused
2 symbols
343 symbols in table
