ARM Linker, 5.03 [Build 24] [MDK-ARM Lite]

==============================================================================

Section Cross References

    subs128.o(RESET) refers to subs128.o(CODE_SEG) for Reset_Handler
    subs128.o(CODE_SEG) refers to subs128.o(DATA_SEG) for DST


==============================================================================

Image Symbol Table

    Local Symbols

    Symbol Name                              Value     Ov Type        Size  Object(Section)

    RESET                                    0x00000000   Section        8  subs128.o(RESET)
    subs128.s                                0x00000000   Number         0  subs128.o ABSOLUTE
    CODE_SEG                                 0x00000008   Section       88  subs128.o(CODE_SEG)
    NUM2                                     0x00000034   Data          16  subs128.o(CODE_SEG)
    NUM1                                     0x00000044   Data          16  subs128.o(CODE_SEG)
    DATA_SEG                                 0x10000000   Section        4  subs128.o(DATA_SEG)
    DST                                      0x10000000   Data           4  subs128.o(DATA_SEG)

    Global Symbols

    Symbol Name                              Value     Ov Type        Size  Object(Section)

    BuildAttributes$$THM_ISAv4$P$D$K$B$S$PE$A:L22UL41UL21$X:L11$S22US41US21$IEEE1$IW$USESV6$~STKCKD$USESV7$~SHL$OSPACE$EBA8$STANDARDLIB$PRES8$EABIv2 0x00000000   Number         0  anon$$obj.o ABSOLUTE
    __Vectors                                0x00000000   Data           0  subs128.o(RESET)
    Reset_Handler                            0x00000009   Thumb Code     0  subs128.o(CODE_SEG)



==============================================================================

Memory Map of the image

  Image Entry point : 0x00000009

  Load Region LR_1 (Base: 0x00000000, Size: 0x00000064, Max: 0xffffffff, ABSOLUTE)

    Execution Region ER_RO (Base: 0x00000000, Size: 0x00000060, Max: 0xffffffff, ABSOLUTE)

    Base Addr    Size         Type   Attr      Idx    E Section Name        Object

    0x00000000   0x00000008   Data   RO            1    RESET               subs128.o
    0x00000008   0x00000058   Code   RO            2  * CODE_SEG            subs128.o


    Execution Region ER_RW (Base: 0x10000000, Size: 0x00000004, Max: 0xffffffff, ABSOLUTE)

    Base Addr    Size         Type   Attr      Idx    E Section Name        Object

    0x10000000   0x00000004   Data   RW            3    DATA_SEG            subs128.o


    Execution Region ER_ZI (Base: 0x10000004, Size: 0x00000000, Max: 0xffffffff, ABSOLUTE)

    **** No section assigned to this execution region ****


==============================================================================

Image component sizes


      Code (inc. data)   RO Data    RW Data    ZI Data      Debug   Object Name

        88         46          8          4          0        196   subs128.o

    ----------------------------------------------------------------------
        88         46          8          4          0        196   Object Totals
         0          0          0          0          0          0   (incl. Generated)
         0          0          0          0          0          0   (incl. Padding)

    ----------------------------------------------------------------------
         0          0          0          0          0          0   Library Totals
         0          0          0          0          0          0   (incl. Padding)

    ----------------------------------------------------------------------

==============================================================================


      Code (inc. data)   RO Data    RW Data    ZI Data      Debug   

        88         46          8          4          0        196   Grand Totals
        88         46          8          4          0        196   ELF Image Totals
        88         46          8          4          0          0   ROM Totals

==============================================================================

    Total RO  Size (Code + RO Data)                   96 (   0.09kB)
    Total RW  Size (RW Data + ZI Data)                 4 (   0.00kB)
    Total ROM Size (Code + RO Data + RW Data)        100 (   0.10kB)

==============================================================================

