ARM Linker, 5.03 [Build 24] [MDK-ARM Lite]

==============================================================================

Section Cross References

    add128.o(RESET) refers to add128.o(mycode) for Reset_Handler
    add128.o(mycode) refers to add128.o(mydata) for RESULT


==============================================================================

Image Symbol Table

    Local Symbols

    Symbol Name                              Value     Ov Type        Size  Object(Section)

    RESET                                    0x00000000   Section        8  add128.o(RESET)
    add128.s                                 0x00000000   Number         0  add128.o ABSOLUTE
    mycode                                   0x00000008   Section      108  add128.o(mycode)
    VALUE1                                   0x00000048   Data          16  add128.o(mycode)
    VALUE2                                   0x00000058   Data          16  add128.o(mycode)
    mydata                                   0x10000000   Section        8  add128.o(mydata)
    RESULT                                   0x10000000   Data           8  add128.o(mydata)

    Global Symbols

    Symbol Name                              Value     Ov Type        Size  Object(Section)

    BuildAttributes$$THM_ISAv4$P$D$K$B$S$PE$A:L22UL41UL21$X:L11$S22US41US21$IEEE1$IW$USESV6$~STKCKD$USESV7$~SHL$OSPACE$EBA8$STANDARDLIB$PRES8$EABIv2 0x00000000   Number         0  anon$$obj.o ABSOLUTE
    __Vectors                                0x00000000   Data           0  add128.o(RESET)
    Reset_Handler                            0x00000009   Thumb Code     0  add128.o(mycode)



==============================================================================

Memory Map of the image

  Image Entry point : 0x00000009

  Load Region LR_1 (Base: 0x00000000, Size: 0x0000007c, Max: 0xffffffff, ABSOLUTE)

    Execution Region ER_RO (Base: 0x00000000, Size: 0x00000074, Max: 0xffffffff, ABSOLUTE)

    Base Addr    Size         Type   Attr      Idx    E Section Name        Object

    0x00000000   0x00000008   Data   RO            1    RESET               add128.o
    0x00000008   0x0000006c   Code   RO            2  * mycode              add128.o


    Execution Region ER_RW (Base: 0x10000000, Size: 0x00000008, Max: 0xffffffff, ABSOLUTE)

    Base Addr    Size         Type   Attr      Idx    E Section Name        Object

    0x10000000   0x00000008   Data   RW            3    mydata              add128.o


    Execution Region ER_ZI (Base: 0x10000008, Size: 0x00000000, Max: 0xffffffff, ABSOLUTE)

    **** No section assigned to this execution region ****


==============================================================================

Image component sizes


      Code (inc. data)   RO Data    RW Data    ZI Data      Debug   Object Name

       108         44          8          8          0        204   add128.o

    ----------------------------------------------------------------------
       108         44          8          8          0        204   Object Totals
         0          0          0          0          0          0   (incl. Generated)
         0          0          0          0          0          0   (incl. Padding)

    ----------------------------------------------------------------------
         0          0          0          0          0          0   Library Totals
         0          0          0          0          0          0   (incl. Padding)

    ----------------------------------------------------------------------

==============================================================================


      Code (inc. data)   RO Data    RW Data    ZI Data      Debug   

       108         44          8          8          0        204   Grand Totals
       108         44          8          8          0        204   ELF Image Totals
       108         44          8          8          0          0   ROM Totals

==============================================================================

    Total RO  Size (Code + RO Data)                  116 (   0.11kB)
    Total RW  Size (RW Data + ZI Data)                 8 (   0.01kB)
    Total ROM Size (Code + RO Data + RW Data)        124 (   0.12kB)

==============================================================================

